{a: 1, c: 3}
{}
[:a, 1, :b, 2]
[[0, :a], [1, :b]]
{1 => 1, 2 => 4}
{a: 1, b: 2}
[[false, [[:a, 1]]], [true, [[:b, 2], [:c, 4]]]]
[[true, [[:a, 2], [:b, 4], [:c, 6]]]]
[["a", [["x", "apple"], ["y", "avocado"]]], ["b", [["z", "berry"]]]]
[[:pos, [[:a, 1]]], [:pos, [[:c, 3]]]]
[[:_alone, [[:a, 1]]], [:_alone, [[:b, 1]]]]
