TypeError: exception class/object expected
TypeError: exception class/object expected
TypeError: exception class/object expected
TypeError: exception class/object expected
TypeError: exception class/object expected
TypeError: exception class/object expected
RuntimeError: boom
poly string: msg
poly object: exception class/object expected
after
