:abc
:Foo
:_x9
:@iv
:@@cv
:$g
:foo?
:bar!
:baz=
:+
:-
:*
:/
:%
:**
:==
:===
:!=
:=~
:!~
:<
:<=
:>
:>=
:<=>
:<<
:>>
:&
:|
:^
:~
:!
:+@
:-@
:[]
:[]=
:`
:"a b"
:"1x"
:""
:"has\"quote"
:"with\nnewline"
:"foo?bar"
:"@"
:"a b"
:plain
:"x y"
[:"a b", :ok, :+, :"with space"]
{a: 1, "k space": 2, normal: 3, "1bad": 4}
